// Jest Snapshot v1, https://goo.gl/fbAQLP

exports[`Renders calculator renders 1`] = `
<div
  className="d-flex col"
  id="calc-container"
>
  <div
    id="calc-results"
  >
    0
    
    
  </div>
  <div
    className="calc-row d-flex"
    id="calc-line-1"
  >
    <button
      className="btn-grey"
      id="calc-btn-ac"
      onClick={[Function]}
      type="button"
    >
      AC
    </button>
    <button
      className="btn-grey"
      id="calc-btn-plusminus"
      onClick={[Function]}
      type="button"
    >
      +/-
    </button>
    <button
      className="btn-grey"
      id="calc-btn-percent"
      onClick={[Function]}
      type="button"
    >
      %
    </button>
    <button
      className="btn-orange"
      id="calc-btn-divide"
      onClick={[Function]}
      type="button"
    >
      รท
    </button>
  </div>
  <div
    className="calc-row d-flex"
    id="calc-line-2"
  >
    <button
      className="btn-grey"
      id="calc-btn-7"
      onClick={[Function]}
      type="button"
    >
      7
    </button>
    <button
      className="btn-grey"
      id="calc-btn-8"
      onClick={[Function]}
      type="button"
    >
      8
    </button>
    <button
      className="btn-grey"
      id="calc-btn-9"
      onClick={[Function]}
      type="button"
    >
      9
    </button>
    <button
      className="btn-orange"
      id="calc-btn-times"
      onClick={[Function]}
      type="button"
    >
      x
    </button>
  </div>
  <div
    className="calc-row d-flex"
    id="calc-line-3"
  >
    <button
      className="btn-grey"
      id="calc-btn-4"
      onClick={[Function]}
      type="button"
    >
      4
    </button>
    <button
      className="btn-grey"
      id="calc-btn-5"
      onClick={[Function]}
      type="button"
    >
      5
    </button>
    <button
      className="btn-grey"
      id="calc-btn-6"
      onClick={[Function]}
      type="button"
    >
      6
    </button>
    <button
      className="btn-orange"
      id="calc-btn-minus"
      onClick={[Function]}
      type="button"
    >
      -
    </button>
  </div>
  <div
    className="calc-row d-flex"
    id="calc-line-4"
  >
    <button
      className="btn-grey"
      id="calc-btn-1"
      onClick={[Function]}
      type="button"
    >
      1
    </button>
    <button
      className="btn-grey"
      id="calc-btn-2"
      onClick={[Function]}
      type="button"
    >
      2
    </button>
    <button
      className="btn-grey"
      id="calc-btn-3"
      onClick={[Function]}
      type="button"
    >
      3
    </button>
    <button
      className="btn-orange"
      id="calc-btn-plus"
      onClick={[Function]}
      type="button"
    >
      +
    </button>
  </div>
  <div
    className="calc-row d-flex"
    id="calc-line-5"
  >
    <button
      className="btn-grey"
      id="calc-btn-0"
      onClick={[Function]}
      type="button"
    >
      0
    </button>
    <button
      className="btn-grey"
      id="calc-btn-dot"
      onClick={[Function]}
      type="button"
    >
      .
    </button>
    <button
      className="btn-orange"
      id="calc-btn-equal"
      onClick={[Function]}
      type="button"
    >
      =
    </button>
  </div>
</div>
`;
