// Jest Snapshot v1, https://goo.gl/fbAQLP

exports[`Renders Header renders 1`] = `
<header
  className="d-flex"
  id="header"
>
  <div
    className="logo-container d-flex"
  >
    <p
      className="logo"
    >
      Math Magicians
    </p>
  </div>
  <div>
    <nav
      className="navBar"
    >
      <ul
        className="d-flex"
      >
        <li>
          <a
            aria-current="page"
            className="activeLink"
            href="/"
            onClick={[Function]}
          >
            Home
          </a>
        </li>
        <li>
          <a
            className="none"
            href="/Calculator"
            onClick={[Function]}
          >
            Calculator
          </a>
        </li>
        <li>
          <a
            className="none"
            href="/Quote"
            onClick={[Function]}
          >
            Quote
          </a>
        </li>
      </ul>
    </nav>
  </div>
</header>
`;
