// Jest Snapshot v1, https://goo.gl/fbAQLP

exports[`Renders Navbar renders 1`] = `
<nav
  className="navBar"
>
  <ul
    className="d-flex"
  >
    <li>
      <a
        aria-current="page"
        className="activeLink"
        href="/"
        onClick={[Function]}
      >
        Home
      </a>
    </li>
    <li>
      <a
        className="none"
        href="/Calculator"
        onClick={[Function]}
      >
        Calculator
      </a>
    </li>
    <li>
      <a
        className="none"
        href="/Quote"
        onClick={[Function]}
      >
        Quote
      </a>
    </li>
  </ul>
</nav>
`;
